{
  "events": {
    "0": "Ready",
    "77": "Come closer",
    "80": "Hold still...",
    "81": "Ready",
    "125": "Hold still...",
    "142": "Come closer",
    "145": "Hold still..."
  }
}