{
  "events": {
    "0": "Ready",
    "13": "Hold still...",
    "22": "Temperature is 36.7Â°",
    "64": "Ready"
  }
}