{
  "events": {
    "0": "Ready",
    "20": "Hold still...",
    "28": "Ready",
    "31": "Temperature is 32.4Â°"
  }
}